// Jest Snapshot v1, https://goo.gl/fbAQLP

exports[`<Intro/> should render 1`] = `<Intro />`;
